// Jest Snapshot v1, https://goo.gl/fbAQLP

exports[`baseElement me common tests render + styles 1`] = `<test-base-el />`;

exports[`baseElement me common tests render + styles 2`] = `
<style>
  .wup-hidden, [wup-hidden] {
position: absolute;
height:1px; width:1px;
overflow:hidden;
clip:rect(1px,1px,1px,1px);
min-width:initial;
padding:0;}
  :root {
          --base-bg: #fff;
          --base-text: #232323;
          --base-focus: #00778d;
          --base-btn-bg: #009fbc;
          --base-btn-text: #fff;
          --base-btn-focus: #005766;
          --base-btn2-bg: var(--base-btn-text);
          --base-btn2-text: var(--base-btn-bg);
          --base-btn3-bg: var(--base-bg);
          --base-btn3-text: inherit;
          --base-sep: #e4e4e4;
          --border-radius: 6px;
          --anim-time: 200ms;
          --anim: var(--anim-time) cubic-bezier(0, 0, 0.2, 1) 0ms;
        }
  
  
</style>
`;

exports[`baseElement me common tests snapshot of $defaults 1`] = `{}`;

exports[`baseElement me common tests snapshot of $defaults 2`] = `[]`;

exports[`baseElement me common tests snapshot of $defaults 3`] = `[]`;
