// Jest Snapshot v1, https://goo.gl/fbAQLP

exports[`circleElement common tests render + styles 1`] = `<wup-circle />`;

exports[`circleElement common tests render + styles 2`] = `
<style>
  .wup-hidden, [wup-hidden] {
position: absolute;
height:1px; width:1px;
overflow:hidden;
clip:rect(1px,1px,1px,1px);
min-width:initial;
padding:0;}

  
[wup-icon] {
  display: inline-block;
  cursor: pointer;
  box-shadow: none;
  border: none;
  margin: 0;
  padding: 0;
  width: var(--icon-hover-r, 2em);
  height: var(--icon-hover-r, 2em);
  background: none;
  outline: none;
  border-radius: 50%;
}
[wup-icon]:after {
  content: "";
  display: inline-block;
  border-radius: 50%;
  width: 100%;
  height: 100%;
  background: var(--icon, #000);
  -webkit-mask-size: var(--icon-size, 1em);
  mask-size: var(--icon-size, 1em);
  -webkit-mask-repeat: no-repeat;
  mask-repeat: no-repeat;
  -webkit-mask-position: center;
  mask-position: center;

  -webkit-mask-image: var(--icon-img);
  mask-image: var(--icon-img);
}
[wup-icon]:focus {
   box-shadow: inset 0 0 0 99999px var(--icon-focus-bg);
}
[wup-icon]:focus:after {
   background: var(--icon-hover, var(--icon, #000));
}
@media (hover: hover) and (pointer: fine) {
  [wup-icon]:hover {
   box-shadow: inset 0 0 0 99999px var(--icon-hover-bg);
  }
  [wup-icon]:hover:after {
    background: var(--icon-hover, var(--icon, #000));
  }
  [wup-icon]:focus:hover {
   opacity: 0.9;
  }
}

  :root {
          --base-focus: #00778d;
          --base-btn-bg: #009fbc;
          --base-btn-text: #fff;
          --base-btn-focus: #005766;
          --base-btn2-bg: #6c757d;
          --base-btn2-text: #fff;
          --base-btn3-bg: none;
          --base-btn3-text: inherit;
          --base-sep: #e4e4e4;
          --base-margin: 20px;
          --border-radius: 6px;
          --anim-t: 200ms;
          --anim: var(--anim-t) cubic-bezier(0, 0, 0.2, 1) 0ms;
          --icon-hover-r: 30px;
          --icon-hover-bg: #0001;
          --icon-focus-bg: #0000001a;
          --icon-size: 14px;
          --menu-hover-text: inherit;
          --menu-hover-bg: #f1f1f1;
        }
        [wupdark] {
          --base-btn-focus: #bdbdbd;
          --base-sep: #141414;
          --icon: #fff;
          --icon-hover-bg: #fff1;
          --icon-focus-bg: #fff2;
          --scroll: #fff2;
          --scroll-hover: #fff3;
          --menu-hover-text: inherit;
          --menu-hover-bg: #222a36;
        }
  :root {
          --circle-0: #e4e4e4;
          --circle-1: #009fbc;
          --circle-2: #ff9f00;
          --circle-3: #1fb13f;
          --circle-4: #9482bd;
          --circle-5: #8bc4d7;
          --circle-6: #1abdb5;
        }
        [wupdark] {
          --circle-0: #104652;
        }
  
      WUP-CIRCLE {
        contain: style;
        display: block;
        position: relative;
        overflow: visible;
        margin: auto;
        --anim-t: 400ms;
      }
      WUP-CIRCLE&gt;strong {
        display: block;
        position: absolute;
        transform: translate(-50%,-50%);
        top: 50%; left: 50%;
        font-size: larger;
      }
      WUP-CIRCLE&gt;svg {
        overflow: visible;
        display: block;
      }
      WUP-CIRCLE&gt;svg path {
        stroke-width: 0;
        fill-rule: evenodd;
      }
      WUP-CIRCLE&gt;svg&gt;path { fill: var(--circle-0); }
      WUP-CIRCLE&gt;svg&gt;g&gt;path:nth-child(1) { fill: var(--circle-1); }
      WUP-CIRCLE&gt;svg&gt;g&gt;path:nth-child(2) { fill: var(--circle-2); }
      WUP-CIRCLE&gt;svg&gt;g&gt;path:nth-child(3) { fill: var(--circle-3); }
      WUP-CIRCLE&gt;svg&gt;g&gt;path:nth-child(4) { fill: var(--circle-4); }
      WUP-CIRCLE&gt;svg&gt;g&gt;path:nth-child(5) { fill: var(--circle-5); }
      WUP-CIRCLE&gt;svg&gt;g&gt;path:nth-child(6) { fill: var(--circle-6); }
      WUP-CIRCLE&gt;wup-popup,
      WUP-CIRCLE&gt;wup-popup-arrow {
        white-space: pre;
        pointer-events: none;
        user-select: none;
        touch-action: none;
      }
</style>
`;

exports[`circleElement common tests snapshot of $defaults 1`] = `
{
  "back": true,
  "corner": 0.25,
  "from": 0,
  "hoverCloseTimeout": 0,
  "hoverOpenTimeout": 200,
  "items": [],
  "max": 100,
  "min": 0,
  "minSize": 10,
  "space": 2,
  "to": 360,
  "width": 14,
}
`;

exports[`circleElement common tests snapshot of $defaults 2`] = `undefined`;

exports[`circleElement common tests snapshot of $defaults 3`] = `
[
  "w-back",
  "w-corner",
  "w-from",
  "w-hoverclosetimeout",
  "w-hoveropentimeout",
  "w-items",
  "w-max",
  "w-min",
  "w-minsize",
  "w-space",
  "w-to",
  "w-width",
]
`;
