// Jest Snapshot v1, https://goo.gl/fbAQLP

exports[`control.calendar >> timezone: CET, offset: -120 day picker firstOfWeek: Monday, utc=true 1`] = `
<ol
  role="grid"
  style="overflow: hidden;"
>
  <li
    prev=""
    role="gridcell"
  >
    28
  </li>
  <li
    prev=""
    role="gridcell"
  >
    29
  </li>
  <li
    prev=""
    role="gridcell"
  >
    30
  </li>
  <li
    role="gridcell"
  >
    1
  </li>
  <li
    role="gridcell"
  >
    2
  </li>
  <li
    role="gridcell"
  >
    3
  </li>
  <li
    role="gridcell"
  >
    4
  </li>
  <li
    aria-selected="true"
    role="gridcell"
  >
    5
  </li>
  <li
    role="gridcell"
  >
    6
  </li>
  <li
    role="gridcell"
  >
    7
  </li>
  <li
    role="gridcell"
  >
    8
  </li>
  <li
    role="gridcell"
  >
    9
  </li>
  <li
    role="gridcell"
  >
    10
  </li>
  <li
    role="gridcell"
  >
    11
  </li>
  <li
    role="gridcell"
  >
    12
  </li>
  <li
    role="gridcell"
  >
    13
  </li>
  <li
    role="gridcell"
  >
    14
  </li>
  <li
    role="gridcell"
  >
    15
  </li>
  <li
    aria-current="date"
    role="gridcell"
  >
    16
  </li>
  <li
    role="gridcell"
  >
    17
  </li>
  <li
    role="gridcell"
  >
    18
  </li>
  <li
    role="gridcell"
  >
    19
  </li>
  <li
    role="gridcell"
  >
    20
  </li>
  <li
    role="gridcell"
  >
    21
  </li>
  <li
    role="gridcell"
  >
    22
  </li>
  <li
    role="gridcell"
  >
    23
  </li>
  <li
    role="gridcell"
  >
    24
  </li>
  <li
    role="gridcell"
  >
    25
  </li>
  <li
    role="gridcell"
  >
    26
  </li>
  <li
    role="gridcell"
  >
    27
  </li>
  <li
    role="gridcell"
  >
    28
  </li>
  <li
    role="gridcell"
  >
    29
  </li>
  <li
    role="gridcell"
  >
    30
  </li>
  <li
    role="gridcell"
  >
    31
  </li>
  <li
    next=""
    role="gridcell"
  >
    1
  </li>
  <li
    next=""
    role="gridcell"
  >
    2
  </li>
  <li
    next=""
    role="gridcell"
  >
    3
  </li>
  <li
    next=""
    role="gridcell"
  >
    4
  </li>
  <li
    next=""
    role="gridcell"
  >
    5
  </li>
  <li
    next=""
    role="gridcell"
  >
    6
  </li>
  <li
    next=""
    role="gridcell"
  >
    7
  </li>
  <li
    next=""
    role="gridcell"
  >
    8
  </li>
</ol>
`;

exports[`control.calendar >> timezone: CET, offset: -120 day picker firstOfWeek: Sunday, utc=true 1`] = `
<ol
  role="grid"
  style="overflow: hidden;"
>
  <li
    prev=""
    role="gridcell"
  >
    27
  </li>
  <li
    prev=""
    role="gridcell"
  >
    28
  </li>
  <li
    prev=""
    role="gridcell"
  >
    29
  </li>
  <li
    prev=""
    role="gridcell"
  >
    30
  </li>
  <li
    role="gridcell"
  >
    1
  </li>
  <li
    role="gridcell"
  >
    2
  </li>
  <li
    role="gridcell"
  >
    3
  </li>
  <li
    role="gridcell"
  >
    4
  </li>
  <li
    aria-selected="true"
    role="gridcell"
  >
    5
  </li>
  <li
    role="gridcell"
  >
    6
  </li>
  <li
    role="gridcell"
  >
    7
  </li>
  <li
    role="gridcell"
  >
    8
  </li>
  <li
    role="gridcell"
  >
    9
  </li>
  <li
    role="gridcell"
  >
    10
  </li>
  <li
    role="gridcell"
  >
    11
  </li>
  <li
    role="gridcell"
  >
    12
  </li>
  <li
    role="gridcell"
  >
    13
  </li>
  <li
    role="gridcell"
  >
    14
  </li>
  <li
    role="gridcell"
  >
    15
  </li>
  <li
    aria-current="date"
    role="gridcell"
  >
    16
  </li>
  <li
    role="gridcell"
  >
    17
  </li>
  <li
    role="gridcell"
  >
    18
  </li>
  <li
    role="gridcell"
  >
    19
  </li>
  <li
    role="gridcell"
  >
    20
  </li>
  <li
    role="gridcell"
  >
    21
  </li>
  <li
    role="gridcell"
  >
    22
  </li>
  <li
    role="gridcell"
  >
    23
  </li>
  <li
    role="gridcell"
  >
    24
  </li>
  <li
    role="gridcell"
  >
    25
  </li>
  <li
    role="gridcell"
  >
    26
  </li>
  <li
    role="gridcell"
  >
    27
  </li>
  <li
    role="gridcell"
  >
    28
  </li>
  <li
    role="gridcell"
  >
    29
  </li>
  <li
    role="gridcell"
  >
    30
  </li>
  <li
    role="gridcell"
  >
    31
  </li>
  <li
    next=""
    role="gridcell"
  >
    1
  </li>
  <li
    next=""
    role="gridcell"
  >
    2
  </li>
  <li
    next=""
    role="gridcell"
  >
    3
  </li>
  <li
    next=""
    role="gridcell"
  >
    4
  </li>
  <li
    next=""
    role="gridcell"
  >
    5
  </li>
  <li
    next=""
    role="gridcell"
  >
    6
  </li>
  <li
    next=""
    role="gridcell"
  >
    7
  </li>
</ol>
`;

exports[`control.calendar >> timezone: CET, offset: -120 day picker firstOfWeek: Tuesday, utc=true 1`] = `
<ol
  role="grid"
  style="overflow: hidden;"
>
  <li
    prev=""
    role="gridcell"
  >
    29
  </li>
  <li
    prev=""
    role="gridcell"
  >
    30
  </li>
  <li
    role="gridcell"
  >
    1
  </li>
  <li
    role="gridcell"
  >
    2
  </li>
  <li
    role="gridcell"
  >
    3
  </li>
  <li
    role="gridcell"
  >
    4
  </li>
  <li
    aria-selected="true"
    role="gridcell"
  >
    5
  </li>
  <li
    role="gridcell"
  >
    6
  </li>
  <li
    role="gridcell"
  >
    7
  </li>
  <li
    role="gridcell"
  >
    8
  </li>
  <li
    role="gridcell"
  >
    9
  </li>
  <li
    role="gridcell"
  >
    10
  </li>
  <li
    role="gridcell"
  >
    11
  </li>
  <li
    role="gridcell"
  >
    12
  </li>
  <li
    role="gridcell"
  >
    13
  </li>
  <li
    role="gridcell"
  >
    14
  </li>
  <li
    role="gridcell"
  >
    15
  </li>
  <li
    aria-current="date"
    role="gridcell"
  >
    16
  </li>
  <li
    role="gridcell"
  >
    17
  </li>
  <li
    role="gridcell"
  >
    18
  </li>
  <li
    role="gridcell"
  >
    19
  </li>
  <li
    role="gridcell"
  >
    20
  </li>
  <li
    role="gridcell"
  >
    21
  </li>
  <li
    role="gridcell"
  >
    22
  </li>
  <li
    role="gridcell"
  >
    23
  </li>
  <li
    role="gridcell"
  >
    24
  </li>
  <li
    role="gridcell"
  >
    25
  </li>
  <li
    role="gridcell"
  >
    26
  </li>
  <li
    role="gridcell"
  >
    27
  </li>
  <li
    role="gridcell"
  >
    28
  </li>
  <li
    role="gridcell"
  >
    29
  </li>
  <li
    role="gridcell"
  >
    30
  </li>
  <li
    role="gridcell"
  >
    31
  </li>
  <li
    next=""
    role="gridcell"
  >
    1
  </li>
  <li
    next=""
    role="gridcell"
  >
    2
  </li>
  <li
    next=""
    role="gridcell"
  >
    3
  </li>
  <li
    next=""
    role="gridcell"
  >
    4
  </li>
  <li
    next=""
    role="gridcell"
  >
    5
  </li>
  <li
    next=""
    role="gridcell"
  >
    6
  </li>
  <li
    next=""
    role="gridcell"
  >
    7
  </li>
  <li
    next=""
    role="gridcell"
  >
    8
  </li>
  <li
    next=""
    role="gridcell"
  >
    9
  </li>
</ol>
`;
