// Jest Snapshot v1, https://goo.gl/fbAQLP

exports[`popupElement inheritance common tests render + styles 1`] = `<test-el />`;

exports[`popupElement inheritance common tests render + styles 2`] = `
<style>
  .wup-hidden, [wup-hidden] {
position: absolute;
height:1px; width:1px;
overflow:hidden;
clip:rect(1px,1px,1px,1px);
min-width:initial;
padding:0;}

  
[wup-icon] {
  display: inline-block;
  cursor: pointer;
  box-shadow: none;
  border: none;
  margin: 0;
  padding: 0;
  width: var(--icon-hover-r, 2em);
  height: var(--icon-hover-r, 2em);
  background: none;
  outline: none;
  border-radius: 50%;
}
[wup-icon]:after {
  content: "";
  display: inline-block;
  border-radius: 50%;
  width: 100%;
  height: 100%;
  background: var(--icon, #000);
  -webkit-mask-size: var(--icon-size, 1em);
  mask-size: var(--icon-size, 1em);
  -webkit-mask-repeat: no-repeat;
  mask-repeat: no-repeat;
  -webkit-mask-position: center;
  mask-position: center;

  -webkit-mask-image: var(--icon-img);
  mask-image: var(--icon-img);
}
[wup-icon]:focus {
   box-shadow: inset 0 0 0 99999px var(--icon-focus-bg);
}
[wup-icon]:focus:after {
   background: var(--icon-hover, var(--icon, #000));
}
@media (hover: hover) and (pointer: fine) {
  [wup-icon]:hover {
   box-shadow: inset 0 0 0 99999px var(--icon-hover-bg);
  }
  [wup-icon]:hover:after {
    background: var(--icon-hover, var(--icon, #000));
  }
  [wup-icon]:focus:hover {
   opacity: 0.9;
  }
}

  :root {
          --base-focus: #00778d;
          --base-btn-bg: #009fbc;
          --base-btn-text: #fff;
          --base-btn-focus: #005766;
          --base-btn2-bg: var(--base-btn-text);
          --base-btn2-text: var(--base-btn-bg);
          --base-btn3-bg: none;
          --base-btn3-text: inherit;
          --base-sep: #e4e4e4;
          --base-margin: 20px;
          --border-radius: 6px;
          --anim-t: 200ms;
          --anim: var(--anim-t) cubic-bezier(0, 0, 0.2, 1) 0ms;
          --icon-hover-r: 30px;
          --icon-hover-bg: #0001;
          --icon-focus-bg: #0000001a;
          --icon-size: 14px;
          --menu-hover-text: inherit;
          --menu-hover-bg: #f1f1f1;
        }
        [wupdark] {
          --base-btn-focus: #bdbdbd;
          --base-sep: #141414;
          --icon: #fff;
          --icon-hover-bg: #fff1;
          --icon-focus-bg: #fff2;
          --scroll: #fff2;
          --scroll-hover: #fff3;
          --menu-hover-text: inherit;
          --menu-hover-bg: #222a36;
        }
  :root {
        --modal-anim-t: 400ms;
      }
  
      :root {
        --popup-anim-t: 300ms;
        --popup-text: inherit;
        --popup-bg: #fff;
        --popup-shadow: #0003;
        --tooltip-text: inherit;
        --tooltip-bg: #fff8;
        --tooltip-shadow: #0003;
      }
      [wupdark] {
        --popup-text: #d8d8d8;
        --popup-bg: #2b3645;
        --popup-shadow: #0006;
        --tooltip-text: #d8d8d8;
        --tooltip-bg: rgba(16,70,82,0.8);
        --tooltip-shadow: #0006;
      }
  
      WUP-POPUP {
        --modal-anim: var(--modal-anim-t) cubic-bezier(0, 0, 0.2, 1) 0ms;
        z-index: 8000;
        display: none;
        opacity: 0;
        position: fixed!important;
        border-radius: var(--border-radius);
        padding: var(--base-margin);
        box-sizing: border-box;
        white-space: pre-line;
        overflow: auto;
        overflow: overlay;
      }
      WUP-POPUP[open] { display: block; }
      WUP-POPUP[show] { opacity: 1; }
      
WUP-POPUP::-webkit-scrollbar {
  width: 10px; height: 10px;
  cursor: pointer;
}
WUP-POPUP::-webkit-scrollbar-corner {
  background: none;
  cursor: pointer;
}
WUP-POPUP::-webkit-scrollbar-thumb {
  border: 3px solid rgba(0,0,0,0);
  background-clip: padding-box;
  background-color: var(--scroll, rgba(0,0,0,0.2));
  border-radius: 999px;
  cursor: pointer;
}
WUP-POPUP::-webkit-scrollbar-track-piece:vertical:start,
WUP-POPUP::-webkit-scrollbar-track-piece:vertical:end,
WUP-POPUP::-webkit-scrollbar-track-piece:horizontal:start,
WUP-POPUP::-webkit-scrollbar-track-piece:horizontal:end {
  margin: 0;
  cursor: pointer;
}
@media (hover) {
  WUP-POPUP::-webkit-scrollbar-thumb:hover {
    background-color: var(--scroll-hover, rgba(0,0,0,0.5));
    cursor: pointer;
  }
}
      @media not all and (prefers-reduced-motion) {
        WUP-POPUP {
          transition: opacity var(--modal-anim), transform var(--modal-anim);
        }
      }
      WUP-POPUP,
      WUP-POPUP-arrow {
        --popup-anim: var(--popup-anim-t) cubic-bezier(0, 0, 0.2, 1) 0ms;
        opacity: 0;
      }
      WUP-POPUP {
        top:0;left:0;
        padding: 4px; margin: 0;
        box-shadow: 0 1px 4px 0 var(--popup-shadow);
        color: var(--popup-text);
        background: var(--popup-bg);
        text-overflow: ellipsis;
      }
      WUP-POPUP[tooltip],
      WUP-POPUP[tooltip]+WUP-POPUP-arrow {
        --popup: var(--tooltip-text);
        --popup-bg: var(--tooltip-bg);
        --popup-shadow: var(--tooltip-shadow);
      }
      WUP-POPUP[show]+WUP-POPUP-arrow { opacity: 1; }
      @media not all and (prefers-reduced-motion) {
        WUP-POPUP,
        WUP-POPUP+WUP-POPUP-arrow {
          transition: opacity var(--popup-anim);
        }
      }
      WUP-POPUP[w-animation] {
        transition-property: none;
        opacity: 1;
      }
      WUP-POPUP[w-animation=stack] {
        overflow: visible;
      }
  
      TEST-EL {
        --modal-anim: var(--modal-anim-t) cubic-bezier(0, 0, 0.2, 1) 0ms;
        z-index: 8000;
        display: none;
        opacity: 0;
        position: fixed!important;
        border-radius: var(--border-radius);
        padding: var(--base-margin);
        box-sizing: border-box;
        white-space: pre-line;
        overflow: auto;
        overflow: overlay;
      }
      TEST-EL[open] { display: block; }
      TEST-EL[show] { opacity: 1; }
      
TEST-EL::-webkit-scrollbar {
  width: 10px; height: 10px;
  cursor: pointer;
}
TEST-EL::-webkit-scrollbar-corner {
  background: none;
  cursor: pointer;
}
TEST-EL::-webkit-scrollbar-thumb {
  border: 3px solid rgba(0,0,0,0);
  background-clip: padding-box;
  background-color: var(--scroll, rgba(0,0,0,0.2));
  border-radius: 999px;
  cursor: pointer;
}
TEST-EL::-webkit-scrollbar-track-piece:vertical:start,
TEST-EL::-webkit-scrollbar-track-piece:vertical:end,
TEST-EL::-webkit-scrollbar-track-piece:horizontal:start,
TEST-EL::-webkit-scrollbar-track-piece:horizontal:end {
  margin: 0;
  cursor: pointer;
}
@media (hover) {
  TEST-EL::-webkit-scrollbar-thumb:hover {
    background-color: var(--scroll-hover, rgba(0,0,0,0.5));
    cursor: pointer;
  }
}
      @media not all and (prefers-reduced-motion) {
        TEST-EL {
          transition: opacity var(--modal-anim), transform var(--modal-anim);
        }
      }
      TEST-EL,
      TEST-EL-arrow {
        --popup-anim: var(--popup-anim-t) cubic-bezier(0, 0, 0.2, 1) 0ms;
        opacity: 0;
      }
      TEST-EL {
        top:0;left:0;
        padding: 4px; margin: 0;
        box-shadow: 0 1px 4px 0 var(--popup-shadow);
        color: var(--popup-text);
        background: var(--popup-bg);
        text-overflow: ellipsis;
      }
      TEST-EL[tooltip],
      TEST-EL[tooltip]+TEST-EL-arrow {
        --popup: var(--tooltip-text);
        --popup-bg: var(--tooltip-bg);
        --popup-shadow: var(--tooltip-shadow);
      }
      TEST-EL[show]+TEST-EL-arrow { opacity: 1; }
      @media not all and (prefers-reduced-motion) {
        TEST-EL,
        TEST-EL+TEST-EL-arrow {
          transition: opacity var(--popup-anim);
        }
      }
      TEST-EL[w-animation] {
        transition-property: none;
        opacity: 1;
      }
      TEST-EL[w-animation=stack] {
        overflow: visible;
      }
</style>
`;

exports[`popupElement inheritance common tests snapshot of $defaults 1`] = `
{
  "animation": 0,
  "hoverCloseTimeout": 500,
  "hoverOpenTimeout": 200,
  "openCase": 8,
  "placement": [
    [Function],
    [Function],
  ],
  "toFitElement": <body>
    <div
      id="targetId"
    >
      some text
    </div>
    <wup-popup
      open=""
      position="top"
      style="transform: translate(190px, 100px);"
    />
  </body>,
}
`;

exports[`popupElement inheritance common tests snapshot of $defaults 2`] = `
[
  "openCase",
  "placement",
  "target",
]
`;

exports[`popupElement inheritance common tests snapshot of $defaults 3`] = `
[
  "w-animation",
  "w-placement",
  "w-target",
]
`;

exports[`popupElement me common tests render + styles 1`] = `<wup-popup />`;

exports[`popupElement me common tests render + styles 2`] = `
<style>
  .wup-hidden, [wup-hidden] {
position: absolute;
height:1px; width:1px;
overflow:hidden;
clip:rect(1px,1px,1px,1px);
min-width:initial;
padding:0;}

  
[wup-icon] {
  display: inline-block;
  cursor: pointer;
  box-shadow: none;
  border: none;
  margin: 0;
  padding: 0;
  width: var(--icon-hover-r, 2em);
  height: var(--icon-hover-r, 2em);
  background: none;
  outline: none;
  border-radius: 50%;
}
[wup-icon]:after {
  content: "";
  display: inline-block;
  border-radius: 50%;
  width: 100%;
  height: 100%;
  background: var(--icon, #000);
  -webkit-mask-size: var(--icon-size, 1em);
  mask-size: var(--icon-size, 1em);
  -webkit-mask-repeat: no-repeat;
  mask-repeat: no-repeat;
  -webkit-mask-position: center;
  mask-position: center;

  -webkit-mask-image: var(--icon-img);
  mask-image: var(--icon-img);
}
[wup-icon]:focus {
   box-shadow: inset 0 0 0 99999px var(--icon-focus-bg);
}
[wup-icon]:focus:after {
   background: var(--icon-hover, var(--icon, #000));
}
@media (hover: hover) and (pointer: fine) {
  [wup-icon]:hover {
   box-shadow: inset 0 0 0 99999px var(--icon-hover-bg);
  }
  [wup-icon]:hover:after {
    background: var(--icon-hover, var(--icon, #000));
  }
  [wup-icon]:focus:hover {
   opacity: 0.9;
  }
}

  :root {
          --base-focus: #00778d;
          --base-btn-bg: #009fbc;
          --base-btn-text: #fff;
          --base-btn-focus: #005766;
          --base-btn2-bg: var(--base-btn-text);
          --base-btn2-text: var(--base-btn-bg);
          --base-btn3-bg: none;
          --base-btn3-text: inherit;
          --base-sep: #e4e4e4;
          --base-margin: 20px;
          --border-radius: 6px;
          --anim-t: 200ms;
          --anim: var(--anim-t) cubic-bezier(0, 0, 0.2, 1) 0ms;
          --icon-hover-r: 30px;
          --icon-hover-bg: #0001;
          --icon-focus-bg: #0000001a;
          --icon-size: 14px;
          --menu-hover-text: inherit;
          --menu-hover-bg: #f1f1f1;
        }
        [wupdark] {
          --base-btn-focus: #bdbdbd;
          --base-sep: #141414;
          --icon: #fff;
          --icon-hover-bg: #fff1;
          --icon-focus-bg: #fff2;
          --scroll: #fff2;
          --scroll-hover: #fff3;
          --menu-hover-text: inherit;
          --menu-hover-bg: #222a36;
        }
  :root {
        --modal-anim-t: 400ms;
      }
  
      :root {
        --popup-anim-t: 300ms;
        --popup-text: inherit;
        --popup-bg: #fff;
        --popup-shadow: #0003;
        --tooltip-text: inherit;
        --tooltip-bg: #fff8;
        --tooltip-shadow: #0003;
      }
      [wupdark] {
        --popup-text: #d8d8d8;
        --popup-bg: #2b3645;
        --popup-shadow: #0006;
        --tooltip-text: #d8d8d8;
        --tooltip-bg: rgba(16,70,82,0.8);
        --tooltip-shadow: #0006;
      }
  
      WUP-POPUP {
        --modal-anim: var(--modal-anim-t) cubic-bezier(0, 0, 0.2, 1) 0ms;
        z-index: 8000;
        display: none;
        opacity: 0;
        position: fixed!important;
        border-radius: var(--border-radius);
        padding: var(--base-margin);
        box-sizing: border-box;
        white-space: pre-line;
        overflow: auto;
        overflow: overlay;
      }
      WUP-POPUP[open] { display: block; }
      WUP-POPUP[show] { opacity: 1; }
      
WUP-POPUP::-webkit-scrollbar {
  width: 10px; height: 10px;
  cursor: pointer;
}
WUP-POPUP::-webkit-scrollbar-corner {
  background: none;
  cursor: pointer;
}
WUP-POPUP::-webkit-scrollbar-thumb {
  border: 3px solid rgba(0,0,0,0);
  background-clip: padding-box;
  background-color: var(--scroll, rgba(0,0,0,0.2));
  border-radius: 999px;
  cursor: pointer;
}
WUP-POPUP::-webkit-scrollbar-track-piece:vertical:start,
WUP-POPUP::-webkit-scrollbar-track-piece:vertical:end,
WUP-POPUP::-webkit-scrollbar-track-piece:horizontal:start,
WUP-POPUP::-webkit-scrollbar-track-piece:horizontal:end {
  margin: 0;
  cursor: pointer;
}
@media (hover) {
  WUP-POPUP::-webkit-scrollbar-thumb:hover {
    background-color: var(--scroll-hover, rgba(0,0,0,0.5));
    cursor: pointer;
  }
}
      @media not all and (prefers-reduced-motion) {
        WUP-POPUP {
          transition: opacity var(--modal-anim), transform var(--modal-anim);
        }
      }
      WUP-POPUP,
      WUP-POPUP-arrow {
        --popup-anim: var(--popup-anim-t) cubic-bezier(0, 0, 0.2, 1) 0ms;
        opacity: 0;
      }
      WUP-POPUP {
        top:0;left:0;
        padding: 4px; margin: 0;
        box-shadow: 0 1px 4px 0 var(--popup-shadow);
        color: var(--popup-text);
        background: var(--popup-bg);
        text-overflow: ellipsis;
      }
      WUP-POPUP[tooltip],
      WUP-POPUP[tooltip]+WUP-POPUP-arrow {
        --popup: var(--tooltip-text);
        --popup-bg: var(--tooltip-bg);
        --popup-shadow: var(--tooltip-shadow);
      }
      WUP-POPUP[show]+WUP-POPUP-arrow { opacity: 1; }
      @media not all and (prefers-reduced-motion) {
        WUP-POPUP,
        WUP-POPUP+WUP-POPUP-arrow {
          transition: opacity var(--popup-anim);
        }
      }
      WUP-POPUP[w-animation] {
        transition-property: none;
        opacity: 1;
      }
      WUP-POPUP[w-animation=stack] {
        overflow: visible;
      }
  
      TEST-EL {
        --modal-anim: var(--modal-anim-t) cubic-bezier(0, 0, 0.2, 1) 0ms;
        z-index: 8000;
        display: none;
        opacity: 0;
        position: fixed!important;
        border-radius: var(--border-radius);
        padding: var(--base-margin);
        box-sizing: border-box;
        white-space: pre-line;
        overflow: auto;
        overflow: overlay;
      }
      TEST-EL[open] { display: block; }
      TEST-EL[show] { opacity: 1; }
      
TEST-EL::-webkit-scrollbar {
  width: 10px; height: 10px;
  cursor: pointer;
}
TEST-EL::-webkit-scrollbar-corner {
  background: none;
  cursor: pointer;
}
TEST-EL::-webkit-scrollbar-thumb {
  border: 3px solid rgba(0,0,0,0);
  background-clip: padding-box;
  background-color: var(--scroll, rgba(0,0,0,0.2));
  border-radius: 999px;
  cursor: pointer;
}
TEST-EL::-webkit-scrollbar-track-piece:vertical:start,
TEST-EL::-webkit-scrollbar-track-piece:vertical:end,
TEST-EL::-webkit-scrollbar-track-piece:horizontal:start,
TEST-EL::-webkit-scrollbar-track-piece:horizontal:end {
  margin: 0;
  cursor: pointer;
}
@media (hover) {
  TEST-EL::-webkit-scrollbar-thumb:hover {
    background-color: var(--scroll-hover, rgba(0,0,0,0.5));
    cursor: pointer;
  }
}
      @media not all and (prefers-reduced-motion) {
        TEST-EL {
          transition: opacity var(--modal-anim), transform var(--modal-anim);
        }
      }
      TEST-EL,
      TEST-EL-arrow {
        --popup-anim: var(--popup-anim-t) cubic-bezier(0, 0, 0.2, 1) 0ms;
        opacity: 0;
      }
      TEST-EL {
        top:0;left:0;
        padding: 4px; margin: 0;
        box-shadow: 0 1px 4px 0 var(--popup-shadow);
        color: var(--popup-text);
        background: var(--popup-bg);
        text-overflow: ellipsis;
      }
      TEST-EL[tooltip],
      TEST-EL[tooltip]+TEST-EL-arrow {
        --popup: var(--tooltip-text);
        --popup-bg: var(--tooltip-bg);
        --popup-shadow: var(--tooltip-shadow);
      }
      TEST-EL[show]+TEST-EL-arrow { opacity: 1; }
      @media not all and (prefers-reduced-motion) {
        TEST-EL,
        TEST-EL+TEST-EL-arrow {
          transition: opacity var(--popup-anim);
        }
      }
      TEST-EL[w-animation] {
        transition-property: none;
        opacity: 1;
      }
      TEST-EL[w-animation=stack] {
        overflow: visible;
      }
</style>
`;

exports[`popupElement me common tests snapshot of $defaults 1`] = `
{
  "animation": 0,
  "hoverCloseTimeout": 500,
  "hoverOpenTimeout": 200,
  "openCase": 8,
  "placement": [
    [Function],
    [Function],
  ],
  "toFitElement": <body>
    <div
      id="targetId"
    >
      some text
    </div>
    <wup-popup
      open=""
      position="top"
      style="transform: translate(190px, 100px);"
    />
  </body>,
}
`;

exports[`popupElement me common tests snapshot of $defaults 2`] = `
[
  "openCase",
  "placement",
  "target",
]
`;

exports[`popupElement me common tests snapshot of $defaults 3`] = `
[
  "w-animation",
  "w-placement",
  "w-target",
]
`;
