// Jest Snapshot v1, https://goo.gl/fbAQLP

exports[`popupElement inheritance common tests render + styles 1`] = `<test-el />`;

exports[`popupElement inheritance common tests render + styles 2`] = `
<style>
  .wup-hidden, [wup-hidden] {
position: absolute;
height:1px; width:1px;
overflow:hidden;
clip:rect(1px,1px,1px,1px);
min-width:initial;
padding:0;}
  :root {
          --base-bg: #fff;
          --base-text: #232323;
          --base-focus: #00778d;
          --base-btn-bg: #009fbc;
          --base-btn-text: #fff;
          --base-btn-focus: #005766;
          --base-btn2-bg: var(--base-btn-text);
          --base-btn2-text: var(--base-btn-bg);
          --base-btn3-bg: var(--base-bg);
          --base-btn3-text: inherit;
          --base-sep: #e4e4e4;
          --border-radius: 6px;
          --anim-time: 200ms;
          --anim: var(--anim-time) cubic-bezier(0, 0, 0.2, 1) 0ms;
        }
  
      :root {
        --popup-anim: 300ms;
        --popup-bg: white;
      }
  
      WUP-POPUP {
        z-index: 90000;
        display: none;
        position: fixed!important;
        top: 0; left: 0;
        padding: 4px; margin: 0;
        overflow: auto;
        box-sizing: border-box;
        border-radius: var(--border-radius, 6px);
        box-shadow: 0 1px 4px 0 #00000033;
        background: var(--popup-bg);
        text-overflow: ellipsis;
      }
      @media not all and (prefers-reduced-motion) {
        WUP-POPUP,
        WUP-POPUP+WUP-POPUP-arrow {
          animation: WUP-POPUP-a1 var(--popup-anim) ease-in-out;
        }
        @keyframes WUP-POPUP-a1 {
          from {opacity: 0;}
          to {opacity: 1;}
        }
        WUP-POPUP[hide],
        WUP-POPUP[hide]+WUP-POPUP-arrow {
          animation: WUP-POPUP-a2 var(--popup-anim) ease-in-out forwards;
        }
        @keyframes WUP-POPUP-a2 {
          to {opacity: 0;}
        }
      }
      WUP-POPUP[w-animation=drawer] {
        animation-name: custom;
      }
      WUP-POPUP[w-animation=stack] {
        animation-name: custom;
        overflow: visible;
      }
      
WUP-POPUP::-webkit-scrollbar {
  width: 10px; height: 10px;
  cursor: pointer;
}
WUP-POPUP::-webkit-scrollbar-corner {
  background: none;
  cursor: pointer;
}
WUP-POPUP::-webkit-scrollbar-thumb {
  border: 3px solid rgba(0,0,0,0);
  background-clip: padding-box;
  background-color: var(--scroll, rgba(0,0,0,0.2));
  border-radius: 999px;
  cursor: pointer;
}
WUP-POPUP::-webkit-scrollbar-track-piece:vertical:start,
WUP-POPUP::-webkit-scrollbar-track-piece:vertical:end,
WUP-POPUP::-webkit-scrollbar-track-piece:horizontal:start,
WUP-POPUP::-webkit-scrollbar-track-piece:horizontal:end {
  margin: 0;
  cursor: pointer;
}
@media (hover) {
  WUP-POPUP::-webkit-scrollbar-thumb:hover {
    background-color: var(--scroll-hover, rgba(0,0,0,0.5));
    cursor: pointer;
  }
}
  
      TEST-EL {
        z-index: 90000;
        display: none;
        position: fixed!important;
        top: 0; left: 0;
        padding: 4px; margin: 0;
        overflow: auto;
        box-sizing: border-box;
        border-radius: var(--border-radius, 6px);
        box-shadow: 0 1px 4px 0 #00000033;
        background: var(--popup-bg);
        text-overflow: ellipsis;
      }
      @media not all and (prefers-reduced-motion) {
        TEST-EL,
        TEST-EL+TEST-EL-arrow {
          animation: WUP-POPUP-a1 var(--popup-anim) ease-in-out;
        }
        @keyframes WUP-POPUP-a1 {
          from {opacity: 0;}
          to {opacity: 1;}
        }
        TEST-EL[hide],
        TEST-EL[hide]+TEST-EL-arrow {
          animation: WUP-POPUP-a2 var(--popup-anim) ease-in-out forwards;
        }
        @keyframes WUP-POPUP-a2 {
          to {opacity: 0;}
        }
      }
      TEST-EL[w-animation=drawer] {
        animation-name: custom;
      }
      TEST-EL[w-animation=stack] {
        animation-name: custom;
        overflow: visible;
      }
      
TEST-EL::-webkit-scrollbar {
  width: 10px; height: 10px;
  cursor: pointer;
}
TEST-EL::-webkit-scrollbar-corner {
  background: none;
  cursor: pointer;
}
TEST-EL::-webkit-scrollbar-thumb {
  border: 3px solid rgba(0,0,0,0);
  background-clip: padding-box;
  background-color: var(--scroll, rgba(0,0,0,0.2));
  border-radius: 999px;
  cursor: pointer;
}
TEST-EL::-webkit-scrollbar-track-piece:vertical:start,
TEST-EL::-webkit-scrollbar-track-piece:vertical:end,
TEST-EL::-webkit-scrollbar-track-piece:horizontal:start,
TEST-EL::-webkit-scrollbar-track-piece:horizontal:end {
  margin: 0;
  cursor: pointer;
}
@media (hover) {
  TEST-EL::-webkit-scrollbar-thumb:hover {
    background-color: var(--scroll-hover, rgba(0,0,0,0.5));
    cursor: pointer;
  }
}
</style>
`;

exports[`popupElement inheritance common tests snapshot of $defaults 1`] = `
{
  "animation": 0,
  "hoverHideTimeout": 500,
  "hoverShowTimeout": 200,
  "placement": [
    [Function],
    [Function],
  ],
  "showCase": 4,
  "toFitElement": <body>
    <div
      id="targetId"
    >
      some text
    </div>
    <wup-popup
      position="top"
      style="display: block; transform: translate(190px, 100px);"
    />
  </body>,
}
`;

exports[`popupElement inheritance common tests snapshot of $defaults 2`] = `
[
  "placement",
  "showCase",
  "target",
]
`;

exports[`popupElement inheritance common tests snapshot of $defaults 3`] = `
[
  "w-animation",
  "w-placement",
  "w-target",
]
`;

exports[`popupElement me common tests render + styles 1`] = `<wup-popup />`;

exports[`popupElement me common tests render + styles 2`] = `
<style>
  .wup-hidden, [wup-hidden] {
position: absolute;
height:1px; width:1px;
overflow:hidden;
clip:rect(1px,1px,1px,1px);
min-width:initial;
padding:0;}
  :root {
          --base-bg: #fff;
          --base-text: #232323;
          --base-focus: #00778d;
          --base-btn-bg: #009fbc;
          --base-btn-text: #fff;
          --base-btn-focus: #005766;
          --base-btn2-bg: var(--base-btn-text);
          --base-btn2-text: var(--base-btn-bg);
          --base-btn3-bg: var(--base-bg);
          --base-btn3-text: inherit;
          --base-sep: #e4e4e4;
          --border-radius: 6px;
          --anim-time: 200ms;
          --anim: var(--anim-time) cubic-bezier(0, 0, 0.2, 1) 0ms;
        }
  
      :root {
        --popup-anim: 300ms;
        --popup-bg: white;
      }
  
      WUP-POPUP {
        z-index: 90000;
        display: none;
        position: fixed!important;
        top: 0; left: 0;
        padding: 4px; margin: 0;
        overflow: auto;
        box-sizing: border-box;
        border-radius: var(--border-radius, 6px);
        box-shadow: 0 1px 4px 0 #00000033;
        background: var(--popup-bg);
        text-overflow: ellipsis;
      }
      @media not all and (prefers-reduced-motion) {
        WUP-POPUP,
        WUP-POPUP+WUP-POPUP-arrow {
          animation: WUP-POPUP-a1 var(--popup-anim) ease-in-out;
        }
        @keyframes WUP-POPUP-a1 {
          from {opacity: 0;}
          to {opacity: 1;}
        }
        WUP-POPUP[hide],
        WUP-POPUP[hide]+WUP-POPUP-arrow {
          animation: WUP-POPUP-a2 var(--popup-anim) ease-in-out forwards;
        }
        @keyframes WUP-POPUP-a2 {
          to {opacity: 0;}
        }
      }
      WUP-POPUP[w-animation=drawer] {
        animation-name: custom;
      }
      WUP-POPUP[w-animation=stack] {
        animation-name: custom;
        overflow: visible;
      }
      
WUP-POPUP::-webkit-scrollbar {
  width: 10px; height: 10px;
  cursor: pointer;
}
WUP-POPUP::-webkit-scrollbar-corner {
  background: none;
  cursor: pointer;
}
WUP-POPUP::-webkit-scrollbar-thumb {
  border: 3px solid rgba(0,0,0,0);
  background-clip: padding-box;
  background-color: var(--scroll, rgba(0,0,0,0.2));
  border-radius: 999px;
  cursor: pointer;
}
WUP-POPUP::-webkit-scrollbar-track-piece:vertical:start,
WUP-POPUP::-webkit-scrollbar-track-piece:vertical:end,
WUP-POPUP::-webkit-scrollbar-track-piece:horizontal:start,
WUP-POPUP::-webkit-scrollbar-track-piece:horizontal:end {
  margin: 0;
  cursor: pointer;
}
@media (hover) {
  WUP-POPUP::-webkit-scrollbar-thumb:hover {
    background-color: var(--scroll-hover, rgba(0,0,0,0.5));
    cursor: pointer;
  }
}
  
      TEST-EL {
        z-index: 90000;
        display: none;
        position: fixed!important;
        top: 0; left: 0;
        padding: 4px; margin: 0;
        overflow: auto;
        box-sizing: border-box;
        border-radius: var(--border-radius, 6px);
        box-shadow: 0 1px 4px 0 #00000033;
        background: var(--popup-bg);
        text-overflow: ellipsis;
      }
      @media not all and (prefers-reduced-motion) {
        TEST-EL,
        TEST-EL+TEST-EL-arrow {
          animation: WUP-POPUP-a1 var(--popup-anim) ease-in-out;
        }
        @keyframes WUP-POPUP-a1 {
          from {opacity: 0;}
          to {opacity: 1;}
        }
        TEST-EL[hide],
        TEST-EL[hide]+TEST-EL-arrow {
          animation: WUP-POPUP-a2 var(--popup-anim) ease-in-out forwards;
        }
        @keyframes WUP-POPUP-a2 {
          to {opacity: 0;}
        }
      }
      TEST-EL[w-animation=drawer] {
        animation-name: custom;
      }
      TEST-EL[w-animation=stack] {
        animation-name: custom;
        overflow: visible;
      }
      
TEST-EL::-webkit-scrollbar {
  width: 10px; height: 10px;
  cursor: pointer;
}
TEST-EL::-webkit-scrollbar-corner {
  background: none;
  cursor: pointer;
}
TEST-EL::-webkit-scrollbar-thumb {
  border: 3px solid rgba(0,0,0,0);
  background-clip: padding-box;
  background-color: var(--scroll, rgba(0,0,0,0.2));
  border-radius: 999px;
  cursor: pointer;
}
TEST-EL::-webkit-scrollbar-track-piece:vertical:start,
TEST-EL::-webkit-scrollbar-track-piece:vertical:end,
TEST-EL::-webkit-scrollbar-track-piece:horizontal:start,
TEST-EL::-webkit-scrollbar-track-piece:horizontal:end {
  margin: 0;
  cursor: pointer;
}
@media (hover) {
  TEST-EL::-webkit-scrollbar-thumb:hover {
    background-color: var(--scroll-hover, rgba(0,0,0,0.5));
    cursor: pointer;
  }
}
</style>
`;

exports[`popupElement me common tests snapshot of $defaults 1`] = `
{
  "animation": 0,
  "hoverHideTimeout": 500,
  "hoverShowTimeout": 200,
  "placement": [
    [Function],
    [Function],
  ],
  "showCase": 4,
  "toFitElement": <body>
    <div
      id="targetId"
    >
      some text
    </div>
    <wup-popup
      position="top"
      style="display: block; transform: translate(190px, 100px);"
    />
  </body>,
}
`;

exports[`popupElement me common tests snapshot of $defaults 2`] = `
[
  "placement",
  "showCase",
  "target",
]
`;

exports[`popupElement me common tests snapshot of $defaults 3`] = `
[
  "w-animation",
  "w-placement",
  "w-target",
]
`;
