// Jest Snapshot v1, https://goo.gl/fbAQLP

exports[`spinElement common tests render + styles 1`] = `<wup-spin />`;

exports[`spinElement common tests render + styles 2`] = `
<style>
  .wup-hidden, [wup-hidden] {
position: absolute;
height:1px; width:1px;
overflow:hidden;
clip:rect(1px,1px,1px,1px);
min-width:initial;
padding:0;}

  
[wup-icon] {
  display: inline-block;
  cursor: pointer;
  box-shadow: none;
  border: none;
  margin: 0;
  padding: 0;
  width: var(--icon-hover-r, 2em);
  height: var(--icon-hover-r, 2em);
  background: none;
  outline: none;
  border-radius: 50%;
}
[wup-icon]:after {
  content: "";
  display: inline-block;
  border-radius: 50%;
  width: 100%;
  height: 100%;
  background: var(--icon, #000);
  -webkit-mask-size: var(--icon-size, 1em);
  mask-size: var(--icon-size, 1em);
  -webkit-mask-repeat: no-repeat;
  mask-repeat: no-repeat;
  -webkit-mask-position: center;
  mask-position: center;

  -webkit-mask-image: var(--icon-img);
  mask-image: var(--icon-img);
}
[wup-icon]:focus {
   box-shadow: inset 0 0 0 99999px var(--icon-focus-bg);
}
[wup-icon]:focus:after {
   background: var(--icon-hover, var(--icon, #000));
}
@media (hover: hover) and (pointer: fine) {
  [wup-icon]:hover {
   box-shadow: inset 0 0 0 99999px var(--icon-hover-bg);
  }
  [wup-icon]:hover:after {
    background: var(--icon-hover, var(--icon, #000));
  }
  [wup-icon]:focus:hover {
   opacity: 0.9;
  }
}

  :root {
          --base-focus: #00778d;
          --base-btn-bg: #009fbc;
          --base-btn-text: #fff;
          --base-btn-focus: #005766;
          --base-btn2-bg: var(--base-btn-text);
          --base-btn2-text: var(--base-btn-bg);
          --base-btn3-bg: none;
          --base-btn3-text: inherit;
          --base-sep: #e4e4e4;
          --base-margin: 20px;
          --border-radius: 6px;
          --anim-t: 200ms;
          --anim: var(--anim-t) cubic-bezier(0, 0, 0.2, 1) 0ms;
          --icon-hover-r: 30px;
          --icon-hover-bg: #0001;
          --icon-focus-bg: #0000001a;
          --icon-size: 14px;
          --menu-hover-text: inherit;
          --menu-hover-bg: #f1f1f1;
        }
        [wupdark] {
          --base-btn-focus: #bdbdbd;
          --base-sep: #141414;
          --icon: #fff;
          --icon-hover-bg: #fff1;
          --icon-focus-bg: #fff2;
          --scroll: #fff2;
          --scroll-hover: #fff3;
          --menu-hover-text: inherit;
          --menu-hover-bg: #222a36;
        }
  :root {
          --spin-1: #ffa500;
          --spin-2: #fff;
          --spin-t: 1.2s;
          --spin-size: 3em;
          --spin-item-size: calc(var(--spin-size) / 8);
          --spin-fade: rgba(255,255,255,0.43);
        }
  
      @keyframes WUP-SPIN-1 {
        100% { transform: rotate(360deg); }
      }
      WUP-SPIN {
        contain: style;
        z-index: 100;
        width: var(--spin-size);
        height: var(--spin-size);
        top:0; left:0;
        pointer-events: none;
      }
      WUP-SPIN,
      WUP-SPIN&gt;div {
        display: inline-block;
        box-sizing: border-box;
        border-radius: 50%;
      }
      WUP-SPIN&gt;div {
        animation: WUP-SPIN-1 var(--spin-t) linear infinite;
        width: 100%; height: 100%;
        left:0; top:0;
      }
      WUP-SPIN&gt;div[fade] {
         display: block;
         position: absolute;
         left:0; top:0;
         animation: none;
         border: none;
         border-radius: var(--border-radius);
         transform: none;
         z-index: -1;
         background: var(--spin-fade);
      }
      WUP-SPIN&gt;div[fade]:after { content: none; }
      WUP-SPIN&gt;div {
        border: var(--spin-item-size) solid var(--spin-1);
        border-top-color: var(--spin-2);
      }
</style>
`;

exports[`spinElement common tests snapshot of $defaults 1`] = `
{
  "fit": "auto",
  "inline": false,
  "overflowFade": true,
  "overflowOffset": [
    4,
    4,
  ],
  "overflowTarget": "auto",
}
`;

exports[`spinElement common tests snapshot of $defaults 2`] = `undefined`;

exports[`spinElement common tests snapshot of $defaults 3`] = `
[
  "w-fit",
  "w-inline",
  "w-overflowfade",
  "w-overflowoffset",
  "w-overflowtarget",
]
`;
